
> dear-vault-local-lab@0.1.0 test
> node --test test/*.test.mjs

TAP version 13
# (node:6268) ExperimentalWarning: SQLite is an experimental feature and might change at any time
# (Use `node --trace-warnings ...` to show where the warning was created)
# Subtest: complete account-credit drill links authenticated deposits, three guardians, recovery and a fixed winning wallet
ok 1 - complete account-credit drill links authenticated deposits, three guardians, recovery and a fixed winning wallet
  ---
  duration_ms: 527.9877
  type: 'test'
  ...
# (node:5304) ExperimentalWarning: SQLite is an experimental feature and might change at any time
# (Use `node --trace-warnings ...` to show where the warning was created)
# Subtest: a JSON asset export reproduces raw deposits, fixed recipient, frozen terms and every balance offline
ok 2 - a JSON asset export reproduces raw deposits, fixed recipient, frozen terms and every balance offline
  ---
  duration_ms: 299.9397
  type: 'test'
  ...
# Subtest: editing reported amounts, RPC logs, asset identity, recipients, hashes or results fails replay
ok 3 - editing reported amounts, RPC logs, asset identity, recipients, hashes or results fails replay
  ---
  duration_ms: 715.1817
  type: 'test'
  ...
# Subtest: missing or duplicated events, evidence, initial checks and incomplete legacy records are rejected
ok 4 - missing or duplicated events, evidence, initial checks and incomplete legacy records are rejected
  ---
  duration_ms: 624.7817
  type: 'test'
  ...
# Subtest: an otherwise balanced export cannot spend after its own recorded deposit hold
ok 5 - an otherwise balanced export cannot spend after its own recorded deposit hold
  ---
  duration_ms: 348.5258
  type: 'test'
  ...
# Subtest: actual pending orders and hold-clear-hold transitions replay at their accounting positions
ok 6 - actual pending orders and hold-clear-hold transitions replay at their accounting positions
  ---
  duration_ms: 182.9142
  type: 'test'
  ...
# Subtest: manifest substitution, missing manifests, price mismatch or unbound guardian profiles are rejected
ok 7 - manifest substitution, missing manifests, price mismatch or unbound guardian profiles are rejected
  ---
  duration_ms: 89.0892
  type: 'test'
  ...
# Subtest: legacy observation migration preserves missing anchors instead of assigning them a guessed event
ok 8 - legacy observation migration preserves missing anchors instead of assigning them a guessed event
  ---
  duration_ms: 1946.0125
  type: 'test'
  ...
# Subtest: CLI hashes a bounded source file without modifying it and makes wrapper selection explicit
ok 9 - CLI hashes a bounded source file without modifying it and makes wrapper selection explicit
  ---
  duration_ms: 131.5233
  type: 'test'
  ...
# (node:58564) ExperimentalWarning: SQLite is an experimental feature and might change at any time
# (Use `node --trace-warnings ...` to show where the warning was created)
# Subtest: missing Privy settings disable auth without pretending the SDK is configured
ok 10 - missing Privy settings disable auth without pretending the SDK is configured
  ---
  duration_ms: 3.2727
  type: 'test'
  ...
# Subtest: official SDK verifies ES256 identity; arbitrary wallet headers confer no ownership
ok 11 - official SDK verifies ES256 identity; arbitrary wallet headers confer no ownership
  ---
  duration_ms: 19.6719
  type: 'test'
  ...
# Subtest: expired, foreign-app, wrong issuer, future and unsigned tokens are rejected without returning secrets
ok 12 - expired, foreign-app, wrong issuer, future and unsigned tokens are rejected without returning secrets
  ---
  duration_ms: 14.6259
  type: 'test'
  ...
# Subtest: wallet ownership requires a signed identity token for the same authenticated user
ok 13 - wallet ownership requires a signed identity token for the same authenticated user
  ---
  duration_ms: 11.9934
  type: 'test'
  ...
# Subtest: HTTP account endpoint is private and config does not disclose the verifier or a bearer token
ok 14 - HTTP account endpoint is private and config does not disclose the verifier or a bearer token
  ---
  duration_ms: 71.7896
  type: 'test'
  ...
# (node:64784) ExperimentalWarning: SQLite is an experimental feature and might change at any time
# (Use `node --trace-warnings ...` to show where the warning was created)
# Subtest: verified users share a bounty, not balances, idempotency keys, sessions or private results
ok 15 - verified users share a bounty, not balances, idempotency keys, sessions or private results
  ---
  duration_ms: 311.5762
  type: 'test'
  ...
# Subtest: authentication, wallet ownership, roster and balance checks precede any provider call
ok 16 - authentication, wallet ownership, roster and balance checks precede any provider call
  ---
  duration_ms: 137.3995
  type: 'test'
  ...
# Subtest: a model cannot choose a recipient; a valid win retains the wallet fixed at admission after wallet changes
ok 17 - a model cannot choose a recipient; a valid win retains the wallet fixed at admission after wallet changes
  ---
  duration_ms: 197.4597
  type: 'test'
  ...
# Subtest: wrong prompt, configuration, session or reconstructed decision becomes a refundable technical error
ok 18 - wrong prompt, configuration, session or reconstructed decision becomes a refundable technical error
  ---
  duration_ms: 278.4276
  type: 'test'
  ...
# Subtest: persisted inference can settle after a full service restart without another provider call
ok 19 - persisted inference can settle after a full service restart without another provider call
  ---
  duration_ms: 181.6535
  type: 'test'
  ...
# Subtest: a deposit hold appearing during inference retains the response for reconciliation without resampling
ok 20 - a deposit hold appearing during inference retains the response for reconciliation without resampling
  ---
  duration_ms: 143.9367
  type: 'test'
  ...
# Subtest: the persistent usage limit refunds an unserved attempt and never turns it into a loss
ok 21 - the persistent usage limit refunds an unserved attempt and never turns it into a loss
  ---
  duration_ms: 157.5446
  type: 'test'
  ...
# Subtest: job stores bind to the ledger instance and round terms cannot drift silently
ok 22 - job stores bind to the ledger instance and round terms cannot drift silently
  ---
  duration_ms: 138.612
  type: 'test'
  ...
# Subtest: a usage-write failure preserves the completed response until its exact owner and receipt cost are reconciled
ok 23 - a usage-write failure preserves the completed response until its exact owner and receipt cost are reconciled
  ---
  duration_ms: 178.3052
  type: 'test'
  ...
# (node:27076) ExperimentalWarning: SQLite is an experimental feature and might change at any time
# (Use `node --trace-warnings ...` to show where the warning was created)
# Subtest: authenticated preparation fixes chain, sender, token, recipient and exact ABI amount without signing
ok 24 - authenticated preparation fixes chain, sender, token, recipient and exact ABI amount without signing
  ---
  duration_ms: 221.864
  type: 'test'
  ...
# Subtest: a saved wallet hash survives restart, pending receipt and confirmations; retries credit once and fund an attempt
ok 25 - a saved wallet hash survives restart, pending receipt and confirmations; retries credit once and fund an attempt
  ---
  duration_ms: 430.7336
  type: 'test'
  ...
# Subtest: deposit history is private, paginated and readable after wallet changes without suggesting a new transfer
ok 26 - deposit history is private, paginated and readable after wallet changes without suggesting a new transfer
  ---
  duration_ms: 225.8074
  type: 'test'
  ...
# Subtest: browser evidence, transaction substitutions and unrelated or ambiguous RPC logs cannot issue credit
ok 27 - browser evidence, transaction substitutions and unrelated or ambiguous RPC logs cannot issue credit
  ---
  duration_ms: 152.1826
  type: 'test'
  ...
# Subtest: expiry blocks a new submission while an accepted hash can confirm later and cannot be replaced
ok 28 - expiry blocks a new submission while an accepted hash can confirm later and cannot be replaced
  ---
  duration_ms: 1.3979
  type: 'test'
  ...
# Subtest: concurrent checks coalesce and an unavailable credited receipt preserves credits while blocking play
ok 29 - concurrent checks coalesce and an unavailable credited receipt preserves credits while blocking play
  ---
  duration_ms: 227.4794
  type: 'test'
  ...
# Subtest: bounded concurrent RPC checks reject overflow before transport and recover after a slot finishes
ok 30 - bounded concurrent RPC checks reject overflow before transport and recover after a slot finishes
  ---
  duration_ms: 144.3931
  type: 'test'
  ...
# Subtest: offline replay rejects inconsistent submission history and a v3 ledger upgrades without rewriting old orders
ok 31 - offline replay rejects inconsistent submission history and a v3 ledger upgrades without rewriting old orders
  ---
  duration_ms: 362.9269
  type: 'test'
  ...
# (node:43632) ExperimentalWarning: SQLite is an experimental feature and might change at any time
# (Use `node --trace-warnings ...` to show where the warning was created)
# Subtest: beta invitations bind once to verified accounts without storing the invitation text
ok 32 - beta invitations bind once to verified accounts without storing the invitation text
  ---
  duration_ms: 54.4257
  type: 'test'
  ...
# Subtest: expired or revoked invitations cannot admit another account or authorize an existing member
ok 33 - expired or revoked invitations cannot admit another account or authorize an existing member
  ---
  duration_ms: 2.3402
  type: 'test'
  ...
# Subtest: pause blocks model calls but retains admission and private receipt access; only beta models can run
ok 34 - pause blocks model calls but retains admission and private receipt access; only beta models can run
  ---
  duration_ms: 1.2325
  type: 'test'
  ...
# Subtest: invalid redemption is throttled per verified account and cannot lock out another account
ok 35 - invalid redemption is throttled per verified account and cannot lock out another account
  ---
  duration_ms: 1.8361
  type: 'test'
  ...
# (node:34080) ExperimentalWarning: SQLite is an experimental feature and might change at any time
# (Use `node --trace-warnings ...` to show where the warning was created)
# Subtest: offline beta CLI saves codes privately, never lists them, and supports pause/revoke
ok 36 - offline beta CLI saves codes privately, never lists them, and supports pause/revoke
  ---
  duration_ms: 95.1574
  type: 'test'
  ...
# Subtest: beta account flow requires membership, redeems invitation and displays usage without exposing wallets
ok 37 - beta account flow requires membership, redeems invitation and displays usage without exposing wallets
  ---
  duration_ms: 56.9867
  type: 'test'
  ...
# Subtest: missing admission fails closed and late identity refresh cannot restore a logged-out user
ok 38 - missing admission fails closed and late identity refresh cannot restore a logged-out user
  ---
  duration_ms: 6.0752
  type: 'test'
  ...
# (node:55968) ExperimentalWarning: SQLite is an experimental feature and might change at any time
# (Use `node --trace-warnings ...` to show where the warning was created)
# Subtest: closed beta denies unauthenticated and uninvited users before reservations or model calls
ok 39 - closed beta denies unauthenticated and uninvited users before reservations or model calls
  ---
  duration_ms: 50.7813
  type: 'test'
  ...
# Subtest: invitation endpoint binds server identity; replay, extra models, pause and revocation cannot spend
ok 40 - invitation endpoint binds server identity; replay, extra models, pause and revocation cannot spend
  ---
  duration_ms: 17.7205
  type: 'test'
  ...
# Subtest: closed-beta configuration fails closed for missing admission or invalid modes
ok 41 - closed-beta configuration fails closed for missing admission or invalid modes
  ---
  duration_ms: 0.7298
  type: 'test'
  ...
# (node:57828) ExperimentalWarning: SQLite is an experimental feature and might change at any time
# (Use `node --trace-warnings ...` to show where the warning was created)
# Subtest: public HTTP burst never multiplies inference; disconnect and foreign-session rejection preserve accounting
ok 42 - public HTTP burst never multiplies inference; disconnect and foreign-session rejection preserve accounting
  ---
  duration_ms: 309.3268
  type: 'test'
  ...
# (node:32288) ExperimentalWarning: SQLite is an experimental feature and might change at any time
# (Use `node --trace-warnings ...` to show where the warning was created)
# Subtest: credit HTTP summaries are authenticated, private, uncached and distinguish payable from paid
ok 43 - credit HTTP summaries are authenticated, private, uncached and distinguish payable from paid
  ---
  duration_ms: 295.2842
  type: 'test'
  ...
# Subtest: deposit HTTP history pages and downloads include only account records without calldata or operator exports
ok 44 - deposit HTTP history pages and downloads include only account records without calldata or operator exports
  ---
  duration_ms: 290.8981
  type: 'test'
  ...
# Subtest: credit routes reject mutations, account selectors and other origins without crediting or querying RPC
ok 45 - credit routes reject mutations, account selectors and other origins without crediting or querying RPC
  ---
  duration_ms: 144.5795
  type: 'test'
  ...
# Subtest: a server without an asset-credit composition reports unavailable instead of showing invented zero balances
ok 46 - a server without an asset-credit composition reports unavailable instead of showing invented zero balances
  ---
  duration_ms: 122.4436
  type: 'test'
  ...
# Subtest: private HTTP records distinguish confirmed sponsor reserve from spendable credits without exposing funding mutations
ok 47 - private HTTP records distinguish confirmed sponsor reserve from spendable credits without exposing funding mutations
  ---
  duration_ms: 137.0892
  type: 'test'
  ...
# (node:70320) ExperimentalWarning: SQLite is an experimental feature and might change at any time
# (Use `node --trace-warnings ...` to show where the warning was created)
# Subtest: only confirmed evidence credits its owner, at exact integer received units; no public money capability
ok 48 - only confirmed evidence credits its owner, at exact integer received units; no public money capability
  ---
  duration_ms: 15.452
  type: 'test'
  ...
# Subtest: an event-write failure rolls back deposit evidence, both balances and order state together
ok 49 - an event-write failure rolls back deposit evidence, both balances and order state together
  ---
  duration_ms: 83.2432
  type: 'test'
  ...
# Subtest: restarting after commit and duplicate orders/connections cannot mint the same transfer twice
ok 50 - restarting after commit and duplicate orders/connections cannot mint the same transfer twice
  ---
  duration_ms: 81.715
  type: 'test'
  ...
# Subtest: failure after updating the credited order still rolls back every accounting write
ok 51 - failure after updating the credited order still rolls back every accounting write
  ---
  duration_ms: 62.9618
  type: 'test'
  ...
# Subtest: TEST and token denominations cannot be converted or reopened with changed asset policies
ok 52 - TEST and token denominations cannot be converted or reopened with changed asset policies
  ---
  duration_ms: 141.5425
  type: 'test'
  ...
# Subtest: deposits fund per-user attempts; errors refund, valid responses allocate and a win becomes payable only
ok 53 - deposits fund per-user attempts; errors refund, valid responses allocate and a win becomes payable only
  ---
  duration_ms: 10.1777
  type: 'test'
  ...
# Subtest: a reorg or unavailable credited evidence durably holds spending without erasing the owner claim
ok 54 - a reorg or unavailable credited evidence durably holds spending without erasing the owner claim
  ---
  duration_ms: 80.9001
  type: 'test'
  ...
# Subtest: custody overflow cannot consume new deposit evidence or leave an unbalanced credit
ok 55 - custody overflow cannot consume new deposit evidence or leave an unbalanced credit
  ---
  duration_ms: 2.7177
  type: 'test'
  ...
# Subtest: migrating a v2 asset ledger cannot invent the missing recipient of an existing attempt
ok 56 - migrating a v2 asset ledger cannot invent the missing recipient of an existing attempt
  ---
  duration_ms: 112.9414
  type: 'test'
  ...
# (node:39700) ExperimentalWarning: SQLite is an experimental feature and might change at any time
# (Use `node --trace-warnings ...` to show where the warning was created)
# Subtest: isolated RPC-to-credit drill preserves owner balances and holds across a stopped-writer restore
ok 57 - isolated RPC-to-credit drill preserves owner balances and holds across a stopped-writer restore
  ---
  duration_ms: 185.4913
  type: 'test'
  ...
# (node:18708) ExperimentalWarning: SQLite is an experimental feature and might change at any time
# (Use `node --trace-warnings ...` to show where the warning was created)
# Subtest: deposit worker is opt-in, freezes its binding and stays closed until a complete bounded sweep
ok 58 - deposit worker is opt-in, freezes its binding and stays closed until a complete bounded sweep
  ---
  duration_ms: 275.35
  type: 'test'
  ...
# Subtest: a new submitted order cannot starve a fixed sweep and is picked up by the next sweep
ok 59 - a new submitted order cannot starve a fixed sweep and is picked up by the next sweep
  ---
  duration_ms: 192.1987
  type: 'test'
  ...
# Subtest: worker cursor and asset binding survive restart without counting a confirmed deposit twice
ok 60 - worker cursor and asset binding survive restart without counting a confirmed deposit twice
  ---
  duration_ms: 246.7181
  type: 'test'
  ...
# Subtest: duplicate runs coalesce and a second worker cannot query while a live lease is held
ok 61 - duplicate runs coalesce and a second worker cannot query while a live lease is held
  ---
  duration_ms: 142.0122
  type: 'test'
  ...
# Subtest: expired worker responses are fenced before writes and cannot undo a replacement worker result
ok 62 - expired worker responses are fenced before writes and cannot undo a replacement worker result
  ---
  duration_ms: 143.8142
  type: 'test'
  ...
# Subtest: RPC outage or disappearing credited evidence preserves balances, closes admission and recovers on recheck
ok 63 - RPC outage or disappearing credited evidence preserves balances, closes admission and recovers on recheck
  ---
  duration_ms: 220.0589
  type: 'test'
  ...
# Subtest: stale monitoring rejects a new attempt and preserves a completed response until fresh settlement
ok 64 - stale monitoring rejects a new attempt and preserves a completed response until fresh settlement
  ---
  duration_ms: 191.5897
  type: 'test'
  ...
# Subtest: stopping a scheduled worker joins its active read and closes without a second check
ok 65 - stopping a scheduled worker joins its active read and closes without a second check
  ---
  duration_ms: 123.1053
  type: 'test'
  ...
# Subtest: a takeover immediately before attach cannot apply stale evidence or an error hold
ok 66 - a takeover immediately before attach cannot apply stale evidence or an error hold
  ---
  duration_ms: 110.5531
  type: 'test'
  ...
# Subtest: a takeover immediately before reconcile cannot apply stale evidence or an error hold
ok 67 - a takeover immediately before reconcile cannot apply stale evidence or an error hold
  ---
  duration_ms: 105.1208
  type: 'test'
  ...
# Subtest: a takeover immediately before markUnavailable cannot apply stale evidence or an error hold
ok 68 - a takeover immediately before markUnavailable cannot apply stale evidence or an error hold
  ---
  duration_ms: 97.6562
  type: 'test'
  ...
# Subtest: another process cannot take the lease between the transactional guard and deposit writes
ok 69 - another process cannot take the lease between the transactional guard and deposit writes
  ---
  duration_ms: 2073.7991
  type: 'test'
  ...
# (node:69620) ExperimentalWarning: SQLite is an experimental feature and might change at any time
# (Use `node --trace-warnings ...` to show where the warning was created)
# Subtest: deposit intent belongs to a verified account/wallet and freezes its amount and asset
ok 70 - deposit intent belongs to a verified account/wallet and freezes its amount and asset
  ---
  duration_ms: 4.6184
  type: 'test'
  ...
# Subtest: one transfer cannot be replaced, replayed into another order or counted twice
ok 71 - one transfer cannot be replaced, replayed into another order or counted twice
  ---
  duration_ms: 2.8876
  type: 'test'
  ...
# Subtest: missing confirmations stay pending; old transfers, expired intents and reorgs issue no credits
ok 72 - missing confirmations stay pending; old transfers, expired intents and reorgs issue no credits
  ---
  duration_ms: 1.8171
  type: 'test'
  ...
# Subtest: order ownership, configuration binding and evidence deduplication survive restart
ok 73 - order ownership, configuration binding and evidence deduplication survive restart
  ---
  duration_ms: 64.6496
  type: 'test'
  ...
# (node:41256) ExperimentalWarning: SQLite is an experimental feature and might change at any time
# (Use `node --trace-warnings ...` to show where the warning was created)
# Subtest: read-only RPC reconciles a stored owner-bound order without crediting a balance
ok 74 - read-only RPC reconciles a stored owner-bound order without crediting a balance
  ---
  duration_ms: 27.6679
  type: 'test'
  ...
# Subtest: wrong network stops immediately; pending receipt and reorg are not treated as deposits
ok 75 - wrong network stops immediately; pending receipt and reorg are not treated as deposits
  ---
  duration_ms: 4.5882
  type: 'test'
  ...
# Subtest: RPC errors, ID substitutions, malformed JSON and oversized responses fail closed without leaking the URL
ok 76 - RPC errors, ID substitutions, malformed JSON and oversized responses fail closed without leaking the URL
  ---
  duration_ms: 2.4944
  type: 'test'
  ...
# Subtest: RPC timeout aborts transport and exposes no arbitrary signing or broadcast method
ok 77 - RPC timeout aborts transport and exposes no arbitrary signing or broadcast method
  ---
  duration_ms: 20.1158
  type: 'test'
  ...
# Subtest: a configured exact transfer produces a stable deduplication key without crediting money
ok 78 - a configured exact transfer produces a stable deduplication key without crediting money
  ---
  duration_ms: 10.3927
  type: 'test'
  ...
# Subtest: missing receipts and insufficient confirmations remain pending
ok 79 - missing receipts and insufficient confirmations remain pending
  ---
  duration_ms: 0.4933
  type: 'test'
  ...
# Subtest: wrong chain, reverted receipt, reorg and mismatched transaction are rejected
ok 80 - wrong chain, reverted receipt, reorg and mismatched transaction are rejected
  ---
  duration_ms: 1.132
  type: 'test'
  ...
# Subtest: wrong token, sender, destination, removed log and duplicate log cannot credit an order
ok 81 - wrong token, sender, destination, removed log and duplicate log cannot credit an order
  ---
  duration_ms: 1.1566
  type: 'test'
  ...
# Subtest: unverified token behavior, implicit decimals and underpayment are rejected
ok 82 - unverified token behavior, implicit decimals and underpayment are rejected
  ---
  duration_ms: 0.4249
  type: 'test'
  ...
# Subtest: round projection conserves token allocation and counts refunded errors as API cost
ok 83 - round projection conserves token allocation and counts refunded errors as API cost
  ---
  duration_ms: 1.1025
  type: 'test'
  ...
# Subtest: zero token realization leaves costs unfunded without spending the prize or player credits
ok 84 - zero token realization leaves costs unfunded without spending the prize or player credits
  ---
  duration_ms: 0.9731
  type: 'test'
  ...
# Subtest: sponsors and received creator fees increase only the prize; rounding happens per attempt
ok 85 - sponsors and received creator fees increase only the prize; rounding happens per attempt
  ---
  duration_ms: 1.0127
  type: 'test'
  ...
# Subtest: invalid and impossible assumptions fail visibly; zero costs are valid
ok 86 - invalid and impossible assumptions fail visibly; zero costs are valid
  ---
  duration_ms: 0.4918
  type: 'test'
  ...
# (node:29228) ExperimentalWarning: SQLite is an experimental feature and might change at any time
# (Use `node --trace-warnings ...` to show where the warning was created)
# Subtest: same-origin treasury flow is explicit simulation and replay does not double credits
ok 87 - same-origin treasury flow is explicit simulation and replay does not double credits
  ---
  duration_ms: 94.9944
  type: 'test'
  ...
# Subtest: foreign origins and arbitrary ledger operations are rejected without mutations
ok 88 - foreign origins and arbitrary ledger operations are rejected without mutations
  ---
  duration_ms: 25.679
  type: 'test'
  ...
# (node:28180) ExperimentalWarning: SQLite is an experimental feature and might change at any time
# (Use `node --trace-warnings ...` to show where the warning was created)
# Subtest: a newer schema is rejected without silently rewriting its version or data
ok 89 - a newer schema is rejected without silently rewriting its version or data
  ---
  duration_ms: 35.3248
  type: 'test'
  ...
# Subtest: confirmed topup is a player liability; only a settled valid attempt grows the prize
ok 90 - confirmed topup is a player liability; only a settled valid attempt grows the prize
  ---
  duration_ms: 17.3382
  type: 'test'
  ...
# Subtest: a technical error returns credits once without claiming prize income
ok 91 - a technical error returns credits once without claiming prize income
  ---
  duration_ms: 3.8424
  type: 'test'
  ...
# Subtest: winning attempt includes its contribution, cancels queued reservations and pays the fixed winner once
ok 92 - winning attempt includes its contribution, cancels queued reservations and pays the fixed winner once
  ---
  duration_ms: 4.7287
  type: 'test'
  ...
# Subtest: same idempotency key returns previous receipt; a conflicting payload changes nothing
ok 93 - same idempotency key returns previous receipt; a conflicting payload changes nothing
  ---
  duration_ms: 1.9733
  type: 'test'
  ...
# Subtest: failed reserve rolls back all balances and does not append an event
ok 94 - failed reserve rolls back all balances and does not append an event
  ---
  duration_ms: 2.6505
  type: 'test'
  ...
# Subtest: queue order survives uncertain results; unknown is not automatically refunded or lost
ok 95 - queue order survives uncertain results; unknown is not automatically refunded or lost
  ---
  duration_ms: 8.4218
  type: 'test'
  ...
# Subtest: promised creator fees cannot increase custody; a received contribution can
ok 96 - promised creator fees cannot increase custody; a received contribution can
  ---
  duration_ms: 3.4417
  type: 'test'
  ...
# Subtest: next-round seeding moves an allocation, without inventing an external inflow
ok 97 - next-round seeding moves an allocation, without inventing an external inflow
  ---
  duration_ms: 3.903
  type: 'test'
  ...
# Subtest: only unreserved credits can be withdrawn from simulated custody
ok 98 - only unreserved credits can be withdrawn from simulated custody
  ---
  duration_ms: 3.2813
  type: 'test'
  ...
# Subtest: 256-bit accounting preserves integers above JS safe precision and rolls back overflow
ok 99 - 256-bit accounting preserves integers above JS safe precision and rolls back overflow
  ---
  duration_ms: 2.2842
  type: 'test'
  ...
# Subtest: split rounding assigns the exact remainder to next round and the published config cannot be edited
ok 100 - split rounding assigns the exact remainder to next round and the published config cannot be edited
  ---
  duration_ms: 3.165
  type: 'test'
  ...
# Subtest: restart preserves money, open reservations, processing state and idempotency
ok 101 - restart preserves money, open reservations, processing state and idempotency
  ---
  duration_ms: 57.5664
  type: 'test'
  ...
# Subtest: two connections serialize reservations against the same player balance
ok 102 - two connections serialize reservations against the same player balance
  ---
  duration_ms: 49.4408
  type: 'test'
  ...
# Subtest: all events remain exportable after the recent-activity window
ok 103 - all events remain exportable after the recent-activity window
  ---
  duration_ms: 15.6909
  type: 'test'
  ...
# (node:25244) ExperimentalWarning: SQLite is an experimental feature and might change at any time
# (Use `node --trace-warnings ...` to show where the warning was created)
# Subtest: compatibility plan requires no key/network, freezes both permitted tools and does not change the game prompt
ok 104 - compatibility plan requires no key/network, freezes both permitted tools and does not change the game prompt
  ---
  duration_ms: 4.7177
  type: 'test'
  ...
# Subtest: both exact valid tool calls pass only the technical controls, not a funded qualification
ok 105 - both exact valid tool calls pass only the technical controls, not a funded qualification
  ---
  duration_ms: 64.8075
  type: 'test'
  ...
# Subtest: textual tool JSON and the wrong real tool fail the control despite valid model replies
ok 106 - textual tool JSON and the wrong real tool fail the control despite valid model replies
  ---
  duration_ms: 16.947
  type: 'test'
  ...
# Subtest: technical errors do not count as passing tools, and expected-tool declarations are restricted
ok 107 - technical errors do not count as passing tools, and expected-tool declarations are restricted
  ---
  duration_ms: 34.6191
  type: 'test'
  ...
# (node:22536) ExperimentalWarning: SQLite is an experimental feature and might change at any time
# (Use `node --trace-warnings ...` to show where the warning was created)
# Subtest: default dry plan does not read a key, contact a network, or pretend model availability
ok 108 - default dry plan does not read a key, contact a network, or pretend model availability
  ---
  duration_ms: 3.1186
  type: 'test'
  ...
# Subtest: adversarial suite freezes 30 cases and bounded multi-turn requests without keys or network
ok 109 - adversarial suite freezes 30 cases and bounded multi-turn requests without keys or network
  ---
  duration_ms: 3.9557
  type: 'test'
  ...
# Subtest: adversarial inputs remain player data and do not veto a valid winning action
ok 110 - adversarial inputs remain player data and do not veto a valid winning action
  ---
  duration_ms: 45.1057
  type: 'test'
  ...
# Subtest: full adversarial suite preserves dialogue and fits application context limits with fixture replies
ok 111 - full adversarial suite preserves dialogue and fits application context limits with fixture replies
  ---
  duration_ms: 104.9524
  type: 'test'
  ...
# Subtest: matrix validation rejects silent truncation, duplicate models and unsupported inputs
ok 112 - matrix validation rejects silent truncation, duplicate models and unsupported inputs
  ---
  duration_ms: 0.6542
  type: 'test'
  ...
# Subtest: live key gate rejects unlimited, resetting, BYOK-excluded and exhausted keys
ok 113 - live key gate rejects unlimited, resetting, BYOK-excluded and exhausted keys
  ---
  duration_ms: 0.4132
  type: 'test'
  ...
# Subtest: live entry point cannot POST when provider key limit exceeds the chosen budget
ok 114 - live entry point cannot POST when provider key limit exceeds the chosen budget
  ---
  duration_ms: 1.2938
  type: 'test'
  ...
# Subtest: evaluation reuses real validation, stops a winning scenario and starts a fresh control session
ok 115 - evaluation reuses real validation, stops a winning scenario and starts a fresh control session
  ---
  duration_ms: 13.2108
  type: 'test'
  ...
# Subtest: multi-turn scenarios carry actual assistant and tool history into later requests
ok 116 - multi-turn scenarios carry actual assistant and tool history into later requests
  ---
  duration_ms: 16.0328
  type: 'test'
  ...
# Subtest: invalid model output remains an error in denominator and ends only its scenario when cost is known
ok 117 - invalid model output remains an error in denominator and ends only its scenario when cost is known
  ---
  duration_ms: 24.5674
  type: 'test'
  ...
# Subtest: missing usage halts the entire matrix; unreported cost is never called free
ok 118 - missing usage halts the entire matrix; unreported cost is never called free
  ---
  duration_ms: 10.6004
  type: 'test'
  ...
# Subtest: changed plans and mismatching rules abort before inference
ok 119 - changed plans and mismatching rules abort before inference
  ---
  duration_ms: 6.6291
  type: 'test'
  ...
# Subtest: receipt export failure stops before a second inference
ok 120 - receipt export failure stops before a second inference
  ---
  duration_ms: 11.5353
  type: 'test'
  ...
# Subtest: live CLI with mocked transport stores inspectable results and never writes the fixture key
ok 121 - live CLI with mocked transport stores inspectable results and never writes the fixture key
  ---
  duration_ms: 74.2966
  type: 'test'
  ...
# Subtest: candidate comparison freezes the exact system prompt without changing the app default
ok 122 - candidate comparison freezes the exact system prompt without changing the app default
  ---
  duration_ms: 128.5432
  type: 'test'
  ...
# Subtest: candidate plan cannot run against the baseline service or alter tools through an override
ok 123 - candidate plan cannot run against the baseline service or alter tools through an override
  ---
  duration_ms: 3.0694
  type: 'test'
  ...
# (node:23180) ExperimentalWarning: SQLite is an experimental feature and might change at any time
# (Use `node --trace-warnings ...` to show where the warning was created)
# Subtest: operational status distinguishes missing setup and returns aggregates without private data
ok 124 - operational status distinguishes missing setup and returns aggregates without private data
  ---
  duration_ms: 35.6122
  type: 'test'
  ...
# Subtest: a receipt write failure is visible and prevents another billed inference until repair/restart
ok 125 - a receipt write failure is visible and prevents another billed inference until repair/restart
  ---
  duration_ms: 10.1562
  type: 'test'
  ...
# Subtest: closed/unreadable storage never produces an affirmative health result or leaks paths
ok 126 - closed/unreadable storage never produces an affirmative health result or leaks paths
  ---
  duration_ms: 3.0688
  type: 'test'
  ...
# Subtest: persistent usage exposes busy, stale pending, unknown cost, budget and daily gates separately
ok 127 - persistent usage exposes busy, stale pending, unknown cost, budget and daily gates separately
  ---
  duration_ms: 4.9709
  type: 'test'
  ...
# (node:28796) ExperimentalWarning: SQLite is an experimental feature and might change at any time
# (Use `node --trace-warnings ...` to show where the warning was created)
# Subtest: local server serves actual UI and reports practice without secrets or bounty
not ok 128 - local server serves actual UI and reports practice without secrets or bounty
  ---
  duration_ms: 118.7025
  type: 'test'
  location: 'C:\\Users\\franc\\OneDrive\\Documentos\\ChatGPT\\memelauncher\\vault-lab\\test\\http.test.mjs:28:1'
  failureType: 'testCodeFailure'
  error: |-
    Expected values to be strictly deep-equal:
    + actual - expected
    
      {
        accessMode: 'local',
        authentication: 'local-only',
        bountyEnabled: false,
    +   closedBeta: false,
        configured: false,
        mode: 'practice',
        sandboxEnabled: true
      }
    
  code: 'ERR_ASSERTION'
  name: 'AssertionError'
  expected:
    configured: false
    mode: 'practice'
    bountyEnabled: false
    authentication: 'local-only'
    accessMode: 'local'
    sandboxEnabled: true
  actual:
    configured: false
    mode: 'practice'
    bountyEnabled: false
    authentication: 'local-only'
    accessMode: 'local'
    closedBeta: false
    sandboxEnabled: true
  operator: 'deepStrictEqual'
  stack: |-
    TestContext.<anonymous> (file:///C:/Users/franc/OneDrive/Documentos/ChatGPT/memelauncher/vault-lab/test/http.test.mjs:38:10)
    process.processTicksAndRejections (node:internal/process/task_queues:105:5)
    async Test.run (node:internal/test_runner/test:1054:7)
    async startSubtestAfterBootstrap (node:internal/test_runner/harness:296:3)
  ...
# Subtest: unknown API is JSON 404 and missing key is sanitized helpful 503
ok 129 - unknown API is JSON 404 and missing key is sanitized helpful 503
  ---
  duration_ms: 37.8447
  type: 'test'
  ...
# Subtest: public operational endpoint is uncached, contains no private receipts and makes no model call
ok 130 - public operational endpoint is uncached, contains no private receipts and makes no model call
  ---
  duration_ms: 13.7803
  type: 'test'
  ...
# Subtest: foreign origin cannot spend the local API key
ok 131 - foreign origin cannot spend the local API key
  ---
  duration_ms: 18.3489
  type: 'test'
  ...
# Subtest: encoded traversal and hidden files never expose .env
ok 132 - encoded traversal and hidden files never expose .env
  ---
  duration_ms: 18.4228
  type: 'test'
  ...
# (node:15744) ExperimentalWarning: SQLite is an experimental feature and might change at any time
# (Use `node --trace-warnings ...` to show where the warning was created)
# Subtest: a full export reproduces the winner, payout and balances offline without claiming execution proof
ok 133 - a full export reproduces the winner, payout and balances offline without claiming execution proof
  ---
  duration_ms: 27.9818
  type: 'test'
  ...
# Subtest: changing a balance, event result, request hash, sequence or winner fails replay
ok 134 - changing a balance, event result, request hash, sequence or winner fails replay
  ---
  duration_ms: 41.5627
  type: 'test'
  ...
# Subtest: truncated or foreign-unit exports cannot be presented as a verified TEST ledger
ok 135 - truncated or foreign-unit exports cannot be presented as a verified TEST ledger
  ---
  duration_ms: 18.5193
  type: 'test'
  ...
# Subtest: round configuration substitutions and omitted manifests fail offline verification
ok 136 - round configuration substitutions and omitted manifests fail offline verification
  ---
  duration_ms: 18.6649
  type: 'test'
  ...
# (node:6696) ExperimentalWarning: SQLite is an experimental feature and might change at any time
# (Use `node --trace-warnings ...` to show where the warning was created)
# Subtest: model credit HTTP routes reserve, settle and reconcile once; reads and foreign origins cannot infer
ok 137 - model credit HTTP routes reserve, settle and reconcile once; reads and foreign origins cannot infer
  ---
  duration_ms: 98.2828
  type: 'test'
  ...
# (node:69844) ExperimentalWarning: SQLite is an experimental feature and might change at any time
# (Use `node --trace-warnings ...` to show where the warning was created)
# Subtest: valid model reply consumes test credits and feeds treasury exactly once on request replay
ok 138 - valid model reply consumes test credits and feeds treasury exactly once on request replay
  ---
  duration_ms: 27.4336
  type: 'test'
  ...
# Subtest: missing inference key leaves credits and the ledger untouched
ok 139 - missing inference key leaves credits and the ledger untouched
  ---
  duration_ms: 4.2328
  type: 'test'
  ...
# Subtest: known model errors return credits and persist error replay without re-inference
ok 140 - known model errors return credits and persist error replay without re-inference
  ---
  duration_ms: 6.802
  type: 'test'
  ...
# Subtest: receipt storage gate refunds TEST credits, while a write failure after inference preserves uncertainty
ok 141 - receipt storage gate refunds TEST credits, while a write failure after inference preserves uncertainty
  ---
  duration_ms: 12.2975
  type: 'test'
  ...
# Subtest: unknown outcome holds the reservation and blocks replay with a different message
ok 142 - unknown outcome holds the reservation and blocks replay with a different message
  ---
  duration_ms: 7.4783
  type: 'test'
  ...
# Subtest: manual accounting controls cannot override a model-linked attempt
ok 143 - manual accounting controls cannot override a model-linked attempt
  ---
  duration_ms: 4.6504
  type: 'test'
  ...
# Subtest: queue conflict cancels only the new reservation without an inference request
ok 144 - queue conflict cancels only the new reservation without an inference request
  ---
  duration_ms: 8.1552
  type: 'test'
  ...
# Subtest: simultaneous duplicate cannot launch a second API call
ok 145 - simultaneous duplicate cannot launch a second API call
  ---
  duration_ms: 5.5982
  type: 'test'
  ...
# Subtest: winning model receipt reserves the full test prize for payout
ok 146 - winning model receipt reserves the full test prize for payout
  ---
  duration_ms: 5.4302
  type: 'test'
  ...
# Subtest: restart after inference but before accounting can settle without replaying inference
ok 147 - restart after inference but before accounting can settle without replaying inference
  ---
  duration_ms: 101.3034
  type: 'test'
  ...
# (node:59800) ExperimentalWarning: SQLite is an experimental feature and might change at any time
# (Use `node --trace-warnings ...` to show where the warning was created)
# Subtest: preflight distinguishes implementation evidence from missing credentials and actual launch readiness
ok 148 - preflight distinguishes implementation evidence from missing credentials and actual launch readiness
  ---
  duration_ms: 2.9131
  type: 'test'
  ...
# Subtest: stale tests, invented ready flags, a malformed verification key or funded mode never enable payments
ok 149 - stale tests, invented ready flags, a malformed verification key or funded mode never enable payments
  ---
  duration_ms: 0.8197
  type: 'test'
  ...
# (node:58776) ExperimentalWarning: SQLite is an experimental feature and might change at any time
# (Use `node --trace-warnings ...` to show where the warning was created)
# Subtest: confirmed contributions survive restart and monitor replay without issuing player credits or double-counting a top-up
ok 150 - confirmed contributions survive restart and monitor replay without issuing player credits or double-counting a top-up
  ---
  duration_ms: 295.3112
  type: 'test'
  ...
# Subtest: authentication, owned wallet and immutable purpose prevent caller-controlled funding before RPC
ok 151 - authentication, owned wallet and immutable purpose prevent caller-controlled funding before RPC
  ---
  duration_ms: 132.0612
  type: 'test'
  ...
# Subtest: a failed final evidence write rolls back contribution balances, event and order in one transaction
ok 152 - a failed final evidence write rolls back contribution balances, event and order in one transaction
  ---
  duration_ms: 189.1566
  type: 'test'
  ...
# Subtest: offline replay rejects mismatched contribution purpose, source, funder and raw token evidence
ok 153 - offline replay rejects mismatched contribution purpose, source, funder and raw token evidence
  ---
  duration_ms: 382.3478
  type: 'test'
  ...
# Subtest: a contribution hold blocks seeding; recovered funds can become a prize liability while later donations remain in reserve
ok 154 - a contribution hold blocks seeding; recovered funds can become a prize liability while later donations remain in reserve
  ---
  duration_ms: 282.3096
  type: 'test'
  ...
# Subtest: candidate profiles request explicit routes, no fallbacks, and reasoning off
ok 155 - candidate profiles request explicit routes, no fallbacks, and reasoning off
  ---
  duration_ms: 3.3666
  type: 'test'
  ...
# Subtest: public profiles cannot be mutated by a caller to alter later requests
ok 156 - public profiles cannot be mutated by a caller to alter later requests
  ---
  duration_ms: 0.3237
  type: 'test'
  ...
# Subtest: tool history retains original structured reasoning blocks without reordering or duplicating plaintext
ok 157 - tool history retains original structured reasoning blocks without reordering or duplicating plaintext
  ---
  duration_ms: 0.5583
  type: 'test'
  ...
# Subtest: metadata inspection makes GETs only and never upgrades advertised support to inference proof
ok 158 - metadata inspection makes GETs only and never upgrades advertised support to inference proof
  ---
  duration_ms: 24.8978
  type: 'test'
  ...
# Subtest: budget preparation changes only the reviewed BYOK flag and verifies the original cap
ok 159 - budget preparation changes only the reviewed BYOK flag and verifies the original cap
  ---
  duration_ms: 29.9081
  type: 'test'
  ...
# Subtest: budget operation refuses wrong, enlarged, resetting or disabled keys before any mutation
ok 160 - budget operation refuses wrong, enlarged, resetting or disabled keys before any mutation
  ---
  duration_ms: 2.5942
  type: 'test'
  ...
# (node:48724) ExperimentalWarning: SQLite is an experimental feature and might change at any time
# (Use `node --trace-warnings ...` to show where the warning was created)
# Subtest: usage reservations enforce per-account and global UTC daily limits
ok 161 - usage reservations enforce per-account and global UTC daily limits
  ---
  duration_ms: 3.0435
  type: 'test'
  ...
# Subtest: known costs close the budget; settlement cannot be rewritten or double counted
ok 162 - known costs close the budget; settlement cannot be rewritten or double counted
  ---
  duration_ms: 0.8325
  type: 'test'
  ...
# Subtest: pending and unknown costs survive restart and block another inference
ok 163 - pending and unknown costs survive restart and block another inference
  ---
  duration_ms: 46.7697
  type: 'test'
  ...
# Subtest: authentication precedes reservations; account ownership comes from verification
ok 164 - authentication precedes reservations; account ownership comes from verification
  ---
  duration_ms: 1.5957
  type: 'test'
  ...
# Subtest: preflight rejection releases usage reservation; transport failure keeps an unknown cost
ok 165 - preflight rejection releases usage reservation; transport failure keeps an unknown cost
  ---
  duration_ms: 2.2585
  type: 'test'
  ...
# Subtest: recovery uses an existing linked receipt, preserves evidence and never invents a zero cost
ok 166 - recovery uses an existing linked receipt, preserves evidence and never invents a zero cost
  ---
  duration_ms: 1.2816
  type: 'test'
  ...
# Subtest: public runtime requires exact HTTPS origin and refuses funded or invalid limits
ok 167 - public runtime requires exact HTTPS origin and refuses funded or invalid limits
  ---
  duration_ms: 0.3812
  type: 'test'
  ...
# Subtest: public HTTP rejects anonymous inference, hides all sandbox operations and meters verified calls
ok 168 - public HTTP rejects anonymous inference, hides all sandbox operations and meters verified calls
  ---
  duration_ms: 47.0332
  type: 'test'
  ...
# (node:60104) ExperimentalWarning: SQLite is an experimental feature and might change at any time
# (Use `node --trace-warnings ...` to show where the warning was created)
# Subtest: owner receipts survive restart and session expiry, without exposing stored API keys or repeating inference
ok 169 - owner receipts survive restart and session expiry, without exposing stored API keys or repeating inference
  ---
  duration_ms: 74.3285
  type: 'test'
  ...
# Subtest: receipt pages are bounded, owner scoped and stable while newer attempts arrive
ok 170 - receipt pages are bounded, owner scoped and stable while newer attempts arrive
  ---
  duration_ms: 164.8102
  type: 'test'
  ...
# Subtest: model errors remain errors in account history, and the exact receipt can be downloaded
ok 171 - model errors remain errors in account history, and the exact receipt can be downloaded
  ---
  duration_ms: 36.0534
  type: 'test'
  ...
# Subtest: HTTP history requires verified identity, rejects owner selectors and does not disclose another account receipt
ok 172 - HTTP history requires verified identity, rejects owner selectors and does not disclose another account receipt
  ---
  duration_ms: 71.7125
  type: 'test'
  ...
# (node:58128) ExperimentalWarning: SQLite is an experimental feature and might change at any time
# (Use `node --trace-warnings ...` to show where the warning was created)
# Subtest: stopped-writer backup restores ledger, jobs, private session and pending usage without replay charges
ok 173 - stopped-writer backup restores ledger, jobs, private session and pending usage without replay charges
  ---
  duration_ms: 359.5283
  type: 'test'
  ...
# (node:35116) ExperimentalWarning: SQLite is an experimental feature and might change at any time
# (Use `node --trace-warnings ...` to show where the warning was created)
# Subtest: roster rejects moving or unknown models, duplicate entries and unsupported sizes
ok 174 - roster rejects moving or unknown models, duplicate entries and unsupported sizes
  ---
  duration_ms: 8.0984
  type: 'test'
  ...
# Subtest: configuration drift pauses new model attempts while preserving the original manifest
ok 175 - configuration drift pauses new model attempts while preserving the original manifest
  ---
  duration_ms: 2.2025
  type: 'test'
  ...
# Subtest: unlisted model cannot reserve credits or invoke inference in the common bounty
ok 176 - unlisted model cannot reserve credits or invoke inference in the common bounty
  ---
  duration_ms: 21.2457
  type: 'test'
  ...
# Subtest: restart preserves manifests and legacy rounds never acquire retrospective rules
ok 177 - restart preserves manifests and legacy rounds never acquire retrospective rules
  ---
  duration_ms: 85.6076
  type: 'test'
  ...
# (node:46380) ExperimentalWarning: SQLite is an experimental feature and might change at any time
# (Use `node --trace-warnings ...` to show where the warning was created)
# Subtest: only one valid release tool grants a practice victory; receipt is durable and contains no key
ok 178 - only one valid release tool grants a practice victory; receipt is durable and contains no key
  ---
  duration_ms: 33.3874
  type: 'test'
  ...
# Subtest: text claiming the vault opened is not a winning tool call
ok 179 - text claiming the vault opened is not a winning tool call
  ---
  duration_ms: 5.5622
  type: 'test'
  ...
# Subtest: different returned model is a recorded error, never a defeat or a win
ok 180 - different returned model is a recorded error, never a defeat or a win
  ---
  duration_ms: 8.818
  type: 'test'
  ...
# Subtest: malformed tool arguments is a recorded error, never a defeat or a win
ok 181 - malformed tool arguments is a recorded error, never a defeat or a win
  ---
  duration_ms: 7.4648
  type: 'test'
  ...
# Subtest: multiple tool calls is a recorded error, never a defeat or a win
ok 182 - multiple tool calls is a recorded error, never a defeat or a win
  ---
  duration_ms: 7.9613
  type: 'test'
  ...
# Subtest: unknown tool is a recorded error, never a defeat or a win
ok 183 - unknown tool is a recorded error, never a defeat or a win
  ---
  duration_ms: 6.6193
  type: 'test'
  ...
# Subtest: truncated completion is a recorded error, never a defeat or a win
ok 184 - truncated completion is a recorded error, never a defeat or a win
  ---
  duration_ms: 7.4062
  type: 'test'
  ...
# Subtest: upstream error body never leaks secrets and is preserved as a sanitized failure
ok 185 - upstream error body never leaks secrets and is preserved as a sanitized failure
  ---
  duration_ms: 7.8644
  type: 'test'
  ...
# Subtest: timeout is recorded and global lock is released
ok 186 - timeout is recorded and global lock is released
  ---
  duration_ms: 36.3841
  type: 'test'
  ...
# Subtest: missing key is useful 503 and makes no inference request
ok 187 - missing key is useful 503 and makes no inference request
  ---
  duration_ms: 2.4698
  type: 'test'
  ...
# Subtest: catalog caches real data, filters free models and rejects unavailable IDs
ok 188 - catalog caches real data, filters free models and rejects unavailable IDs
  ---
  duration_ms: 2.373
  type: 'test'
  ...
# Subtest: session context belongs to server and model is immutable
ok 189 - session context belongs to server and model is immutable
  ---
  duration_ms: 8.0062
  type: 'test'
  ...
# Subtest: concurrent requests are refused before a second inference call
ok 190 - concurrent requests are refused before a second inference call
  ---
  duration_ms: 15.972
  type: 'test'
  ...
# Subtest: expired catalog is never silently used if its refresh fails
ok 191 - expired catalog is never silently used if its refresh fails
  ---
  duration_ms: 2.3155
  type: 'test'
  ...
# Subtest: catalog excludes moving aliases while retaining unfamiliar named model publishers
ok 192 - catalog excludes moving aliases while retaining unfamiliar named model publishers
  ---
  duration_ms: 9.7879
  type: 'test'
  ...
# Subtest: expired session cannot be replayed with a paid API request
ok 193 - expired session cannot be replayed with a paid API request
  ---
  duration_ms: 3.6899
  type: 'test'
  ...
# Subtest: receipt write failure never commits a new session as a win
ok 194 - receipt write failure never commits a new session as a win
  ---
  duration_ms: 4.7602
  type: 'test'
  ...
# (node:26700) ExperimentalWarning: SQLite is an experimental feature and might change at any time
# (Use `node --trace-warnings ...` to show where the warning was created)
# Subtest: sessions survive restart with actual previous messages and reject another account
ok 195 - sessions survive restart with actual previous messages and reject another account
  ---
  duration_ms: 76.7044
  type: 'test'
  ...
# Subtest: free practice and different credit rounds cannot share a persuasion history
ok 196 - free practice and different credit rounds cannot share a persuasion history
  ---
  duration_ms: 37.4213
  type: 'test'
  ...
# Subtest: configuration changes after restart refuse old sessions instead of silently changing the rival
ok 197 - configuration changes after restart refuse old sessions instead of silently changing the rival
  ---
  duration_ms: 37.1162
  type: 'test'
  ...
# (node:64408) ExperimentalWarning: SQLite is an experimental feature and might change at any time
# (Use `node --trace-warnings ...` to show where the warning was created)
# Subtest: Telegram uses actual engine, bound model sessions and validated winning tool, then closes play
ok 198 - Telegram uses actual engine, bound model sessions and validated winning tool, then closes play
  ---
  duration_ms: 133.6664
  type: 'test'
  ...
# Subtest: lost Telegram delivery survives restart and /last recovers without a second paid request
ok 199 - lost Telegram delivery survives restart and /last recovers without a second paid request
  ---
  duration_ms: 94.0476
  type: 'test'
  ...
# Subtest: only private human text can reach inference; owner scopes and receipts cannot cross accounts
ok 200 - only private human text can reach inference; owner scopes and receipts cannot cross accounts
  ---
  duration_ms: 106.859
  type: 'test'
  ...
# Subtest: commands expose rules and exact model selection without inference; invalid model cannot replace session
ok 201 - commands expose rules and exact model selection without inference; invalid model cannot replace session
  ---
  duration_ms: 92.2056
  type: 'test'
  ...
# Subtest: crash with a pending usage reservation cannot reinfer or bypass the shared web budget
ok 202 - crash with a pending usage reservation cannot reinfer or bypass the shared web budget
  ---
  duration_ms: 94.2376
  type: 'test'
  ...
# Subtest: unknown model cost pauses both channels, preserving the reply; budget exhaustion makes no second call
ok 203 - unknown model cost pauses both channels, preserving the reply; budget exhaustion makes no second call
  ---
  duration_ms: 160.633
  type: 'test'
  ...
# Subtest: Telegram cursor supports a new random update range after inactivity without replaying old work
ok 204 - Telegram cursor supports a new random update range after inactivity without replaying old work
  ---
  duration_ms: 0.6807
  type: 'test'
  ...
# Subtest: Telegram transport uses plain text, blocks redirects and sanitizes token-bearing failures
ok 205 - Telegram transport uses plain text, blocks redirects and sanitizes token-bearing failures
  ---
  duration_ms: 0.8127
  type: 'test'
  ...
# Subtest: worker verifies bot identity and hides channel link after transport stops
ok 206 - worker verifies bot identity and hides channel link after transport stops
  ---
  duration_ms: 66.8129
  type: 'test'
  ...
# Subtest: wallet discovery never requests accounts, signatures, transfers or a network change
ok 207 - wallet discovery never requests accounts, signatures, transfers or a network change
  ---
  duration_ms: 2.136
  type: 'test'
  ...
# Subtest: explicit connect requests only accounts and chain; changes and disconnect update state
ok 208 - explicit connect requests only accounts and chain; changes and disconnect update state
  ---
  duration_ms: 1.2734
  type: 'test'
  ...
# Subtest: declining access gives a clear error without retaining an account
ok 209 - declining access gives a clear error without retaining an account
  ---
  duration_ms: 0.33
  type: 'test'
  ...
# Subtest: cancelled connection cannot be revived by a stale provider response
ok 210 - cancelled connection cannot be revived by a stale provider response
  ---
  duration_ms: 0.2669
  type: 'test'
  ...
# Subtest: malformed provider data does not become a connected wallet
ok 211 - malformed provider data does not become a connected wallet
  ---
  duration_ms: 0.3556
  type: 'test'
  ...
# Subtest: account and chain events during connection take precedence over stale RPC replies
ok 212 - account and chain events during connection take precedence over stale RPC replies
  ---
  duration_ms: 0.3364
  type: 'test'
  ...
1..212
# tests 212
# suites 0
# pass 211
# fail 1
# cancelled 0
# skipped 0
# todo 0
# duration_ms 4798.6912
