TAP version 13
# Subtest: missing Privy settings disable auth without pretending the SDK is configured
ok 1 - missing Privy settings disable auth without pretending the SDK is configured
  ---
  duration_ms: 1.9345
  type: 'test'
  ...
# Subtest: official SDK verifies ES256 identity; arbitrary wallet headers confer no ownership
ok 2 - official SDK verifies ES256 identity; arbitrary wallet headers confer no ownership
  ---
  duration_ms: 7.8385
  type: 'test'
  ...
# Subtest: expired, foreign-app, wrong issuer, future and unsigned tokens are rejected without returning secrets
ok 3 - expired, foreign-app, wrong issuer, future and unsigned tokens are rejected without returning secrets
  ---
  duration_ms: 5.5392
  type: 'test'
  ...
# Subtest: wallet ownership requires a signed identity token for the same authenticated user
ok 4 - wallet ownership requires a signed identity token for the same authenticated user
  ---
  duration_ms: 2.4489
  type: 'test'
  ...
# Subtest: HTTP account endpoint is private and config does not disclose the verifier or a bearer token
ok 5 - HTTP account endpoint is private and config does not disclose the verifier or a bearer token
  ---
  duration_ms: 30.922
  type: 'test'
  ...
# (node:39196) ExperimentalWarning: SQLite is an experimental feature and might change at any time
# (Use `node --trace-warnings ...` to show where the warning was created)
# Subtest: usage reservations enforce per-account and global UTC daily limits
ok 6 - usage reservations enforce per-account and global UTC daily limits
  ---
  duration_ms: 2.3745
  type: 'test'
  ...
# Subtest: known costs close the budget; settlement cannot be rewritten or double counted
ok 7 - known costs close the budget; settlement cannot be rewritten or double counted
  ---
  duration_ms: 0.7338
  type: 'test'
  ...
# Subtest: pending and unknown costs survive restart and block another inference
ok 8 - pending and unknown costs survive restart and block another inference
  ---
  duration_ms: 25.88
  type: 'test'
  ...
# Subtest: authentication precedes reservations; account ownership comes from verification
ok 9 - authentication precedes reservations; account ownership comes from verification
  ---
  duration_ms: 1.1304
  type: 'test'
  ...
# Subtest: preflight rejection releases usage reservation; transport failure keeps an unknown cost
ok 10 - preflight rejection releases usage reservation; transport failure keeps an unknown cost
  ---
  duration_ms: 0.9098
  type: 'test'
  ...
# Subtest: recovery uses an existing linked receipt, preserves evidence and never invents a zero cost
ok 11 - recovery uses an existing linked receipt, preserves evidence and never invents a zero cost
  ---
  duration_ms: 0.8481
  type: 'test'
  ...
# Subtest: public runtime requires exact HTTPS origin and refuses funded or invalid limits
ok 12 - public runtime requires exact HTTPS origin and refuses funded or invalid limits
  ---
  duration_ms: 0.2376
  type: 'test'
  ...
# Subtest: public HTTP rejects anonymous inference, hides all sandbox operations and meters verified calls
ok 13 - public HTTP rejects anonymous inference, hides all sandbox operations and meters verified calls
  ---
  duration_ms: 29.321
  type: 'test'
  ...
# (node:23028) ExperimentalWarning: SQLite is an experimental feature and might change at any time
# (Use `node --trace-warnings ...` to show where the warning was created)
# Subtest: sessions survive restart with actual previous messages and reject another account
ok 14 - sessions survive restart with actual previous messages and reject another account
  ---
  duration_ms: 41.5583
  type: 'test'
  ...
# Subtest: free practice and different credit rounds cannot share a persuasion history
ok 15 - free practice and different credit rounds cannot share a persuasion history
  ---
  duration_ms: 20.1922
  type: 'test'
  ...
# Subtest: configuration changes after restart refuse old sessions instead of silently changing the rival
ok 16 - configuration changes after restart refuse old sessions instead of silently changing the rival
  ---
  duration_ms: 18.9044
  type: 'test'
  ...
1..16
# tests 16
# suites 0
# pass 16
# fail 0
# cancelled 0
# skipped 0
# todo 0
# duration_ms 340.4296
